-100: Error deserializing JSON
-101: Invalid resource type